INFO:     Started server process [27048]
INFO:     Waiting for application startup.
{"timestamp": "2026-08-19T21:08:45.947179Z", "level": "INFO", "logger": "backend.app.seed", "message": "demo_data_seeded", "event": "demo_data_seeded"}
INFO:     Application startup complete.
INFO:     Uvicorn running on http://127.0.0.1:8000 (Press CTRL+C to quit)
{"timestamp": "2026-08-19T21:09:23.607163Z", "level": "INFO", "logger": "backend.app.main", "message": "request_completed", "event": "request_completed", "request_id": "c26d34fbc5514f0b857f073d65e411d6", "method": "GET", "path": "/api/health", "status_code": 200, "duration_ms": 106.36}
{"timestamp": "2026-08-19T21:09:23.981016Z", "level": "INFO", "logger": "backend.app.main", "message": "request_completed", "event": "request_completed", "request_id": "1ec0732ad61c4b4d918d8d9e929ad814", "method": "GET", "path": "/api/health", "status_code": 200, "duration_ms": 4.52}
{"timestamp": "2026-08-19T21:09:35.776919Z", "level": "INFO", "logger": "backend.app.main", "message": "request_completed", "event": "request_completed", "request_id": "992fe676c68340dd808ba982046b9c62", "method": "GET", "path": "/api/health", "status_code": 200, "duration_ms": 6.69}
{"timestamp": "2026-08-19T21:10:31.493098Z", "level": "INFO", "logger": "backend.app.main", "message": "request_completed", "event": "request_completed", "request_id": "74db75424cbb420984e47843b02dcb74", "method": "GET", "path": "/api/dashboard/summary", "status_code": 200, "duration_ms": 20.43}
{"timestamp": "2026-08-19T21:10:47.644020Z", "level": "INFO", "logger": "backend.app.main", "message": "request_completed", "event": "request_completed", "request_id": "79455429bf234de39a6ebfa7202b3ab9", "method": "GET", "path": "/api/payments/3aa9726f-3ee6-4eed-a82e-942d3179b29f", "status_code": 200, "duration_ms": 55.91}
{"timestamp": "2026-08-19T21:11:12.249457Z", "level": "INFO", "logger": "backend.app.main", "message": "request_completed", "event": "request_completed", "request_id": "4da47111d1794f3286041147d5161a4d", "method": "GET", "path": "/api/payments/3aa9726f-3ee6-4eed-a82e-942d3179b29f", "status_code": 200, "duration_ms": 17.83}
{"timestamp": "2026-08-19T21:11:23.909307Z", "level": "INFO", "logger": "backend.app.main", "message": "request_completed", "event": "request_completed", "request_id": "1ed8fb5116bd4e4384644f43cfbf14df", "method": "GET", "path": "/api/payments/3aa9726f-3ee6-4eed-a82e-942d3179b29f", "status_code": 200, "duration_ms": 17.25}
{"timestamp": "2026-08-19T21:11:57.080072Z", "level": "INFO", "logger": "backend.app.main", "message": "request_completed", "event": "request_completed", "request_id": "22c9acaa6ffd4ef4ac6dc6fbdc65711b", "method": "GET", "path": "/api/public/payments/[token]", "status_code": 200, "duration_ms": 65.68}
{"timestamp": "2026-08-19T21:11:59.454920Z", "level": "INFO", "logger": "backend.app.main", "message": "request_completed", "event": "request_completed", "request_id": "62df23ea375f41049151fc12be73c97c", "method": "GET", "path": "/api/public/payments/[token]", "status_code": 200, "duration_ms": 16.89}
{"timestamp": "2026-08-19T21:12:19.860136Z", "level": "INFO", "logger": "backend.app.services.uploads", "message": "receipt_received", "event": "receipt_received", "payment_id": "3aa9726f-3ee6-4eed-a82e-942d3179b29f", "size": 198126}
[32m[INFO] 2026-08-19 22:12:24,318 [RapidOCR] base.py:23: Using engine_name: onnxruntime[0m
[32m[INFO] 2026-08-19 22:12:24,793 [RapidOCR] download_file.py:60: File exists and is valid: C:\Users\HP\OneDrive\PAYPRUF\.venv\Lib\site-packages\rapidocr\models\PP-OCRv6_det_small.onnx[0m
[32m[INFO] 2026-08-19 22:12:24,797 [RapidOCR] main.py:63: Using C:\Users\HP\OneDrive\PAYPRUF\.venv\Lib\site-packages\rapidocr\models\PP-OCRv6_det_small.onnx[0m
[32m[INFO] 2026-08-19 22:12:25,293 [RapidOCR] base.py:23: Using engine_name: onnxruntime[0m
[32m[INFO] 2026-08-19 22:12:25,301 [RapidOCR] download_file.py:60: File exists and is valid: C:\Users\HP\OneDrive\PAYPRUF\.venv\Lib\site-packages\rapidocr\models\ch_ppocr_mobile_v2.0_cls_mobile.onnx[0m
[32m[INFO] 2026-08-19 22:12:25,303 [RapidOCR] main.py:63: Using C:\Users\HP\OneDrive\PAYPRUF\.venv\Lib\site-packages\rapidocr\models\ch_ppocr_mobile_v2.0_cls_mobile.onnx[0m
[32m[INFO] 2026-08-19 22:12:25,907 [RapidOCR] base.py:23: Using engine_name: onnxruntime[0m
[32m[INFO] 2026-08-19 22:12:26,060 [RapidOCR] download_file.py:60: File exists and is valid: C:\Users\HP\OneDrive\PAYPRUF\.venv\Lib\site-packages\rapidocr\models\PP-OCRv6_rec_small.onnx[0m
[32m[INFO] 2026-08-19 22:12:26,062 [RapidOCR] main.py:63: Using C:\Users\HP\OneDrive\PAYPRUF\.venv\Lib\site-packages\rapidocr\models\PP-OCRv6_rec_small.onnx[0m
{"timestamp": "2026-08-19T21:12:39.158931Z", "level": "INFO", "logger": "backend.app.services.uploads", "message": "receipt_extraction_completed", "event": "receipt_extraction_completed", "payment_id": "3aa9726f-3ee6-4eed-a82e-942d3179b29f", "receipt_id": "0ab36302-44e4-4f2a-8720-2f631b940d9a", "confidence": 0.5964}
{"timestamp": "2026-08-19T21:12:39.163642Z", "level": "INFO", "logger": "backend.app.main", "message": "request_completed", "event": "request_completed", "request_id": "e6ba8b7ac93241e98d6ff37f62ce443b", "method": "POST", "path": "/api/public/payments/[token]/receipt", "status_code": 201, "duration_ms": 19486.39}
{"timestamp": "2026-08-19T21:12:39.200416Z", "level": "INFO", "logger": "backend.app.main", "message": "request_completed", "event": "request_completed", "request_id": "facc1d1f4fa046a7a5d79e6bbaaa4841", "method": "GET", "path": "/api/public/payments/[token]", "status_code": 200, "duration_ms": 17.35}
{"timestamp": "2026-08-19T21:12:39.242315Z", "level": "INFO", "logger": "backend.app.services.matching", "message": "verification_started", "event": "verification_started", "payment_id": "3aa9726f-3ee6-4eed-a82e-942d3179b29f"}
{"timestamp": "2026-08-19T21:12:39.265648Z", "level": "INFO", "logger": "backend.app.services.matching", "message": "sandbox_match_result", "event": "sandbox_match_result", "payment_id": "3aa9726f-3ee6-4eed-a82e-942d3179b29f", "result": "NOT_RECEIVED", "reason_code": "TRANSACTION_NOT_FOUND"}
{"timestamp": "2026-08-19T21:12:39.305551Z", "level": "INFO", "logger": "backend.app.services.matching", "message": "verification_completed", "event": "verification_completed", "payment_id": "3aa9726f-3ee6-4eed-a82e-942d3179b29f", "verification_id": "5d6061ee-5cd3-4393-8dfb-1f1f04378f18", "status": "NOT_RECEIVED"}
{"timestamp": "2026-08-19T21:12:39.309748Z", "level": "INFO", "logger": "backend.app.main", "message": "request_completed", "event": "request_completed", "request_id": "d4301958a5ff407eab4a0fa3be5f7ab9", "method": "POST", "path": "/api/public/payments/[token]/verify", "status_code": 200, "duration_ms": 83.98}
{"timestamp": "2026-08-19T21:12:39.437419Z", "level": "INFO", "logger": "backend.app.main", "message": "request_completed", "event": "request_completed", "request_id": "d79f40404c8747d2aa0ba8624ed42b1e", "method": "GET", "path": "/api/public/payments/[token]", "status_code": 200, "duration_ms": 47.7}
{"timestamp": "2026-08-19T21:12:39.464849Z", "level": "INFO", "logger": "backend.app.main", "message": "request_completed", "event": "request_completed", "request_id": "4ce0a96d62a64404b0155dbb7a49bf32", "method": "GET", "path": "/api/public/payments/[token]", "status_code": 200, "duration_ms": 46.52}
{"timestamp": "2026-08-19T21:12:50.067566Z", "level": "INFO", "logger": "backend.app.main", "message": "request_completed", "event": "request_completed", "request_id": "eaefc889008d4b2c97cac7658a8ceabe", "method": "GET", "path": "/api/public/payments/[token]", "status_code": 200, "duration_ms": 30.11}
{"timestamp": "2026-08-19T21:13:07.202339Z", "level": "INFO", "logger": "backend.app.services.matching", "message": "verification_started", "event": "verification_started", "payment_id": "3aa9726f-3ee6-4eed-a82e-942d3179b29f"}
{"timestamp": "2026-08-19T21:13:07.212452Z", "level": "INFO", "logger": "backend.app.services.matching", "message": "sandbox_match_result", "event": "sandbox_match_result", "payment_id": "3aa9726f-3ee6-4eed-a82e-942d3179b29f", "result": "NOT_RECEIVED", "reason_code": "TRANSACTION_NOT_FOUND"}
{"timestamp": "2026-08-19T21:13:07.237727Z", "level": "INFO", "logger": "backend.app.services.matching", "message": "verification_completed", "event": "verification_completed", "payment_id": "3aa9726f-3ee6-4eed-a82e-942d3179b29f", "verification_id": "5d6061ee-5cd3-4393-8dfb-1f1f04378f18", "status": "NOT_RECEIVED"}
{"timestamp": "2026-08-19T21:13:07.241494Z", "level": "INFO", "logger": "backend.app.main", "message": "request_completed", "event": "request_completed", "request_id": "77342a32130f4d1ba4acb95fd6551c3b", "method": "POST", "path": "/api/public/payments/[token]/recheck", "status_code": 200, "duration_ms": 51.28}
{"timestamp": "2026-08-19T21:13:07.275503Z", "level": "INFO", "logger": "backend.app.main", "message": "request_completed", "event": "request_completed", "request_id": "cfe5f5beb7ea44dca6a48c308786027c", "method": "GET", "path": "/api/public/payments/[token]", "status_code": 200, "duration_ms": 16.16}
{"timestamp": "2026-08-19T21:13:09.670858Z", "level": "INFO", "logger": "backend.app.services.matching", "message": "verification_started", "event": "verification_started", "payment_id": "3aa9726f-3ee6-4eed-a82e-942d3179b29f"}
{"timestamp": "2026-08-19T21:13:09.683740Z", "level": "INFO", "logger": "backend.app.services.matching", "message": "sandbox_match_result", "event": "sandbox_match_result", "payment_id": "3aa9726f-3ee6-4eed-a82e-942d3179b29f", "result": "NOT_RECEIVED", "reason_code": "TRANSACTION_NOT_FOUND"}
{"timestamp": "2026-08-19T21:13:09.715914Z", "level": "INFO", "logger": "backend.app.services.matching", "message": "verification_completed", "event": "verification_completed", "payment_id": "3aa9726f-3ee6-4eed-a82e-942d3179b29f", "verification_id": "5d6061ee-5cd3-4393-8dfb-1f1f04378f18", "status": "NOT_RECEIVED"}
{"timestamp": "2026-08-19T21:13:09.720822Z", "level": "INFO", "logger": "backend.app.main", "message": "request_completed", "event": "request_completed", "request_id": "ad9783a5917d4a5399d8d697f65e3fe9", "method": "POST", "path": "/api/public/payments/[token]/recheck", "status_code": 200, "duration_ms": 62.48}
{"timestamp": "2026-08-19T21:13:09.758121Z", "level": "INFO", "logger": "backend.app.main", "message": "request_completed", "event": "request_completed", "request_id": "0845c89b0bef4188a36af59c638a3af2", "method": "GET", "path": "/api/public/payments/[token]", "status_code": 200, "duration_ms": 17.54}
{"timestamp": "2026-08-19T21:13:09.889091Z", "level": "INFO", "logger": "backend.app.services.matching", "message": "verification_started", "event": "verification_started", "payment_id": "3aa9726f-3ee6-4eed-a82e-942d3179b29f"}
{"timestamp": "2026-08-19T21:13:09.900179Z", "level": "INFO", "logger": "backend.app.services.matching", "message": "sandbox_match_result", "event": "sandbox_match_result", "payment_id": "3aa9726f-3ee6-4eed-a82e-942d3179b29f", "result": "NOT_RECEIVED", "reason_code": "TRANSACTION_NOT_FOUND"}
{"timestamp": "2026-08-19T21:13:09.923422Z", "level": "INFO", "logger": "backend.app.services.matching", "message": "verification_completed", "event": "verification_completed", "payment_id": "3aa9726f-3ee6-4eed-a82e-942d3179b29f", "verification_id": "5d6061ee-5cd3-4393-8dfb-1f1f04378f18", "status": "NOT_RECEIVED"}
{"timestamp": "2026-08-19T21:13:09.929234Z", "level": "INFO", "logger": "backend.app.main", "message": "request_completed", "event": "request_completed", "request_id": "e66433b7084b4f2db498c9ea29640da7", "method": "POST", "path": "/api/public/payments/[token]/recheck", "status_code": 200, "duration_ms": 51.72}
{"timestamp": "2026-08-19T21:13:09.981606Z", "level": "INFO", "logger": "backend.app.main", "message": "request_completed", "event": "request_completed", "request_id": "18a21de1a3d94acb88bb12dcb28a8970", "method": "GET", "path": "/api/public/payments/[token]", "status_code": 200, "duration_ms": 32.17}
{"timestamp": "2026-08-19T21:13:10.222916Z", "level": "INFO", "logger": "backend.app.services.matching", "message": "verification_started", "event": "verification_started", "payment_id": "3aa9726f-3ee6-4eed-a82e-942d3179b29f"}
{"timestamp": "2026-08-19T21:13:10.234653Z", "level": "INFO", "logger": "backend.app.services.matching", "message": "sandbox_match_result", "event": "sandbox_match_result", "payment_id": "3aa9726f-3ee6-4eed-a82e-942d3179b29f", "result": "NOT_RECEIVED", "reason_code": "TRANSACTION_NOT_FOUND"}
{"timestamp": "2026-08-19T21:13:10.258709Z", "level": "INFO", "logger": "backend.app.services.matching", "message": "verification_completed", "event": "verification_completed", "payment_id": "3aa9726f-3ee6-4eed-a82e-942d3179b29f", "verification_id": "5d6061ee-5cd3-4393-8dfb-1f1f04378f18", "status": "NOT_RECEIVED"}
{"timestamp": "2026-08-19T21:13:10.263141Z", "level": "INFO", "logger": "backend.app.main", "message": "request_completed", "event": "request_completed", "request_id": "8805c9e20d014226a1fe9bf1264d743a", "method": "POST", "path": "/api/public/payments/[token]/recheck", "status_code": 200, "duration_ms": 53.36}
{"timestamp": "2026-08-19T21:13:10.294537Z", "level": "INFO", "logger": "backend.app.main", "message": "request_completed", "event": "request_completed", "request_id": "17b1d7c3248f4f948281bba57b01e97e", "method": "GET", "path": "/api/public/payments/[token]", "status_code": 200, "duration_ms": 17.72}
{"timestamp": "2026-08-19T21:13:10.452500Z", "level": "INFO", "logger": "backend.app.services.matching", "message": "verification_started", "event": "verification_started", "payment_id": "3aa9726f-3ee6-4eed-a82e-942d3179b29f"}
{"timestamp": "2026-08-19T21:13:10.467837Z", "level": "INFO", "logger": "backend.app.services.matching", "message": "sandbox_match_result", "event": "sandbox_match_result", "payment_id": "3aa9726f-3ee6-4eed-a82e-942d3179b29f", "result": "NOT_RECEIVED", "reason_code": "TRANSACTION_NOT_FOUND"}
{"timestamp": "2026-08-19T21:13:10.495730Z", "level": "INFO", "logger": "backend.app.services.matching", "message": "verification_completed", "event": "verification_completed", "payment_id": "3aa9726f-3ee6-4eed-a82e-942d3179b29f", "verification_id": "5d6061ee-5cd3-4393-8dfb-1f1f04378f18", "status": "NOT_RECEIVED"}
{"timestamp": "2026-08-19T21:13:10.501041Z", "level": "INFO", "logger": "backend.app.main", "message": "request_completed", "event": "request_completed", "request_id": "938f36862b904b7794f440f8769c87ff", "method": "POST", "path": "/api/public/payments/[token]/recheck", "status_code": 200, "duration_ms": 68.39}
{"timestamp": "2026-08-19T21:13:10.542326Z", "level": "INFO", "logger": "backend.app.main", "message": "request_completed", "event": "request_completed", "request_id": "7c9f4242c64b4542819a30a990853feb", "method": "GET", "path": "/api/public/payments/[token]", "status_code": 200, "duration_ms": 21.94}
{"timestamp": "2026-08-19T21:13:11.462085Z", "level": "INFO", "logger": "backend.app.services.matching", "message": "verification_started", "event": "verification_started", "payment_id": "3aa9726f-3ee6-4eed-a82e-942d3179b29f"}
{"timestamp": "2026-08-19T21:13:11.474106Z", "level": "INFO", "logger": "backend.app.services.matching", "message": "sandbox_match_result", "event": "sandbox_match_result", "payment_id": "3aa9726f-3ee6-4eed-a82e-942d3179b29f", "result": "NOT_RECEIVED", "reason_code": "TRANSACTION_NOT_FOUND"}
{"timestamp": "2026-08-19T21:13:11.496270Z", "level": "INFO", "logger": "backend.app.services.matching", "message": "verification_completed", "event": "verification_completed", "payment_id": "3aa9726f-3ee6-4eed-a82e-942d3179b29f", "verification_id": "5d6061ee-5cd3-4393-8dfb-1f1f04378f18", "status": "NOT_RECEIVED"}
{"timestamp": "2026-08-19T21:13:11.500612Z", "level": "INFO", "logger": "backend.app.main", "message": "request_completed", "event": "request_completed", "request_id": "eae8d01245ec47fb971f53903cd78534", "method": "POST", "path": "/api/public/payments/[token]/recheck", "status_code": 200, "duration_ms": 52.1}
{"timestamp": "2026-08-19T21:13:11.537139Z", "level": "INFO", "logger": "backend.app.main", "message": "request_completed", "event": "request_completed", "request_id": "eca31672b60b43a78da19310c12c8174", "method": "GET", "path": "/api/public/payments/[token]", "status_code": 200, "duration_ms": 18.89}
{"timestamp": "2026-08-19T21:15:37.695707Z", "level": "INFO", "logger": "backend.app.main", "message": "request_completed", "event": "request_completed", "request_id": "4631dac6d54f43af83f7d6087f5551ee", "method": "GET", "path": "/", "status_code": 404, "duration_ms": 1.21}
{"timestamp": "2026-08-19T21:34:20.278027Z", "level": "INFO", "logger": "backend.app.main", "message": "request_completed", "event": "request_completed", "request_id": "4a63224a32c54c1eafdfc5765a833795", "method": "GET", "path": "/api/dashboard/summary", "status_code": 200, "duration_ms": 15.63}
{"timestamp": "2026-08-19T21:34:24.630932Z", "level": "INFO", "logger": "backend.app.main", "message": "request_completed", "event": "request_completed", "request_id": "e281d4b1fb3c4d249b793a0455ebc05d", "method": "GET", "path": "/api/dashboard/summary", "status_code": 200, "duration_ms": 8.48}
{"timestamp": "2026-08-19T21:38:31.289708Z", "level": "INFO", "logger": "backend.app.main", "message": "request_completed", "event": "request_completed", "request_id": "de9593d6c6ed403b884d2068ac023a0e", "method": "GET", "path": "/api/dashboard/summary", "status_code": 200, "duration_ms": 18.75}
{"timestamp": "2026-08-19T21:38:53.214423Z", "level": "INFO", "logger": "backend.app.main", "message": "request_completed", "event": "request_completed", "request_id": "7ee333dc27a846eb8a17778b413b026f", "method": "GET", "path": "/api/public/payments/[token]", "status_code": 200, "duration_ms": 18.14}
{"timestamp": "2026-08-19T21:39:44.728683Z", "level": "INFO", "logger": "backend.app.main", "message": "request_completed", "event": "request_completed", "request_id": "d0a1cf0b589a47b0b11eb9d2f9d45084", "method": "GET", "path": "/api/health", "status_code": 200, "duration_ms": 4.68}
{"timestamp": "2026-08-19T21:39:44.880187Z", "level": "INFO", "logger": "backend.app.main", "message": "request_completed", "event": "request_completed", "request_id": "0c50ee41429f4ebf95283873cd7b8d51", "method": "GET", "path": "/api/health", "status_code": 200, "duration_ms": 4.3}
{"timestamp": "2026-08-19T22:11:35.712233Z", "level": "INFO", "logger": "backend.app.main", "message": "request_completed", "event": "request_completed", "request_id": "e141fd538ddb43bd92dee39e0b67af4a", "method": "GET", "path": "/api/dashboard/summary", "status_code": 200, "duration_ms": 66.96}
{"timestamp": "2026-08-19T22:15:01.965405Z", "level": "INFO", "logger": "backend.app.main", "message": "request_completed", "event": "request_completed", "request_id": "184375865e7b437dab98f0d9502c168d", "method": "GET", "path": "/api/dashboard/summary", "status_code": 200, "duration_ms": 16.15}
{"timestamp": "2026-08-19T22:15:35.017310Z", "level": "INFO", "logger": "backend.app.main", "message": "request_completed", "event": "request_completed", "request_id": "84d247034d7d42d9be68aba6013a3cd2", "method": "GET", "path": "/api/public/payments/[token]", "status_code": 200, "duration_ms": 38.11}
{"timestamp": "2026-08-19T22:17:16.839556Z", "level": "INFO", "logger": "backend.app.main", "message": "request_completed", "event": "request_completed", "request_id": "87c4bb8bd3414ba3ae17d2bad8172210", "method": "GET", "path": "/api/health", "status_code": 200, "duration_ms": 8.99}
{"timestamp": "2026-08-19T22:24:34.588296Z", "level": "INFO", "logger": "backend.app.main", "message": "request_completed", "event": "request_completed", "request_id": "7164282ea90244b0989dca776750a916", "method": "GET", "path": "/api/dashboard/summary", "status_code": 200, "duration_ms": 86.98}
{"timestamp": "2026-08-19T22:34:35.852403Z", "level": "INFO", "logger": "backend.app.main", "message": "request_completed", "event": "request_completed", "request_id": "aea6d3e03f494214a369a3566ff50200", "method": "GET", "path": "/api/dashboard/summary", "status_code": 200, "duration_ms": 43.48}
{"timestamp": "2026-08-19T22:35:11.575755Z", "level": "INFO", "logger": "backend.app.main", "message": "request_completed", "event": "request_completed", "request_id": "e26c1206f63746a5a9e067dccb05cb0a", "method": "GET", "path": "/api/payments/3aa9726f-3ee6-4eed-a82e-942d3179b29f", "status_code": 200, "duration_ms": 99.2}
{"timestamp": "2026-08-19T22:35:11.613362Z", "level": "INFO", "logger": "backend.app.main", "message": "request_completed", "event": "request_completed", "request_id": "e78ce539c8e3417a95af968d9768853f", "method": "GET", "path": "/api/payments/aaa1cacc-6120-4cf1-a952-121620b33a5d", "status_code": 200, "duration_ms": 119.59}
{"timestamp": "2026-08-19T22:35:12.088540Z", "level": "INFO", "logger": "backend.app.main", "message": "request_completed", "event": "request_completed", "request_id": "d54fe85608044552b262a69802147456", "method": "GET", "path": "/api/public/payments/[token]", "status_code": 200, "duration_ms": 29.52}
{"timestamp": "2026-08-19T22:35:13.382880Z", "level": "INFO", "logger": "backend.app.main", "message": "request_completed", "event": "request_completed", "request_id": "c0834a55134c47a58e45b42db40912be", "method": "GET", "path": "/api/payments/3aa9726f-3ee6-4eed-a82e-942d3179b29f/receipt/file", "status_code": 200, "duration_ms": 40.22}
{"timestamp": "2026-08-19T23:41:10.712382Z", "level": "INFO", "logger": "backend.app.main", "message": "request_completed", "event": "request_completed", "request_id": "220dc86ba7e840018e2da0402b314b92", "method": "GET", "path": "/api/dashboard/summary", "status_code": 200, "duration_ms": 35.52}
{"timestamp": "2026-08-19T23:41:10.716874Z", "level": "INFO", "logger": "backend.app.main", "message": "request_completed", "event": "request_completed", "request_id": "05f0c4533ca249229e502533b8c54282", "method": "GET", "path": "/api/payments/3aa9726f-3ee6-4eed-a82e-942d3179b29f", "status_code": 200, "duration_ms": 33.08}
{"timestamp": "2026-08-19T23:41:10.719858Z", "level": "INFO", "logger": "backend.app.main", "message": "request_completed", "event": "request_completed", "request_id": "78b8908a61f14f1686d44a1867e191e0", "method": "GET", "path": "/api/payments/aaa1cacc-6120-4cf1-a952-121620b33a5d", "status_code": 200, "duration_ms": 36.34}
{"timestamp": "2026-08-19T23:41:10.995977Z", "level": "INFO", "logger": "backend.app.main", "message": "request_completed", "event": "request_completed", "request_id": "86cd58fa42ba495781e317b7b395ee5b", "method": "GET", "path": "/api/public/payments/[token]", "status_code": 200, "duration_ms": 6.33}
{"timestamp": "2026-08-19T23:55:10.377925Z", "level": "INFO", "logger": "backend.app.main", "message": "request_completed", "event": "request_completed", "request_id": "931d631f6b1b4fa59310a797bb967620", "method": "GET", "path": "/api/dashboard/summary", "status_code": 200, "duration_ms": 6.24}
{"timestamp": "2026-08-19T23:55:10.397553Z", "level": "INFO", "logger": "backend.app.main", "message": "request_completed", "event": "request_completed", "request_id": "628a638702294ca788ee7db7de2916a9", "method": "GET", "path": "/api/payments/aaa1cacc-6120-4cf1-a952-121620b33a5d", "status_code": 200, "duration_ms": 9.97}
{"timestamp": "2026-08-19T23:55:10.400089Z", "level": "INFO", "logger": "backend.app.main", "message": "request_completed", "event": "request_completed", "request_id": "029ad92a6d1d41b787d686bff5551057", "method": "GET", "path": "/api/payments/3aa9726f-3ee6-4eed-a82e-942d3179b29f", "status_code": 200, "duration_ms": 11.69}
{"timestamp": "2026-08-19T23:55:10.700952Z", "level": "INFO", "logger": "backend.app.main", "message": "request_completed", "event": "request_completed", "request_id": "0aa0165ec0cb408aa01daab33c9a0917", "method": "GET", "path": "/api/public/payments/[token]", "status_code": 200, "duration_ms": 9.39}
{"timestamp": "2026-08-20T00:17:53.788506Z", "level": "INFO", "logger": "backend.app.main", "message": "request_completed", "event": "request_completed", "request_id": "0f5795b2f0b74c0ba5b15df2bff56fd1", "method": "GET", "path": "/api/dashboard/summary", "status_code": 200, "duration_ms": 6.27}
{"timestamp": "2026-08-20T00:17:53.859261Z", "level": "INFO", "logger": "backend.app.main", "message": "request_completed", "event": "request_completed", "request_id": "ae0d1e72e9344fd3aa096afdfead5a15", "method": "GET", "path": "/api/payments/aaa1cacc-6120-4cf1-a952-121620b33a5d", "status_code": 200, "duration_ms": 17.05}
{"timestamp": "2026-08-20T00:17:53.861852Z", "level": "INFO", "logger": "backend.app.main", "message": "request_completed", "event": "request_completed", "request_id": "d2e2fc2ae2564b6fad8c0a65a80ea646", "method": "GET", "path": "/api/payments/3aa9726f-3ee6-4eed-a82e-942d3179b29f", "status_code": 200, "duration_ms": 17.54}
{"timestamp": "2026-08-20T00:17:54.302634Z", "level": "INFO", "logger": "backend.app.main", "message": "request_completed", "event": "request_completed", "request_id": "6f6fd68097b74bfd80486c930a3c57bd", "method": "GET", "path": "/api/public/payments/[token]", "status_code": 200, "duration_ms": 56.56}
{"timestamp": "2026-08-20T00:50:28.185726Z", "level": "INFO", "logger": "backend.app.main", "message": "request_completed", "event": "request_completed", "request_id": "389fee4f05184e2496f6755de2e045ca", "method": "GET", "path": "/api/payments/aaa1cacc-6120-4cf1-a952-121620b33a5d", "status_code": 200, "duration_ms": 17.51}
{"timestamp": "2026-08-20T00:50:28.189149Z", "level": "INFO", "logger": "backend.app.main", "message": "request_completed", "event": "request_completed", "request_id": "47a9a3a13b59468a8574c0c7e3b4b906", "method": "GET", "path": "/api/payments/3aa9726f-3ee6-4eed-a82e-942d3179b29f", "status_code": 200, "duration_ms": 20.57}
{"timestamp": "2026-08-20T00:52:34.407180Z", "level": "INFO", "logger": "backend.app.main", "message": "request_completed", "event": "request_completed", "request_id": "9da514b8fde64d23b8a59f79bea79acf", "method": "GET", "path": "/api/payments/3aa9726f-3ee6-4eed-a82e-942d3179b29f", "status_code": 200, "duration_ms": 10.39}
{"timestamp": "2026-08-20T00:52:34.413949Z", "level": "INFO", "logger": "backend.app.main", "message": "request_completed", "event": "request_completed", "request_id": "3dea9936127749abb6b29a313252a5b6", "method": "GET", "path": "/api/payments/aaa1cacc-6120-4cf1-a952-121620b33a5d", "status_code": 200, "duration_ms": 12.1}
{"timestamp": "2026-08-20T07:26:42.369170Z", "level": "INFO", "logger": "backend.app.main", "message": "request_completed", "event": "request_completed", "request_id": "325196d77e054d9b8592cbe0ac6cea41", "method": "GET", "path": "/api/dashboard/summary", "status_code": 200, "duration_ms": 4.51}
{"timestamp": "2026-08-20T07:27:29.969250Z", "level": "INFO", "logger": "backend.app.main", "message": "request_completed", "event": "request_completed", "request_id": "be744a6ff6414653b827fee1bce379fa", "method": "GET", "path": "/api/payments/3aa9726f-3ee6-4eed-a82e-942d3179b29f", "status_code": 200, "duration_ms": 4.89}
{"timestamp": "2026-08-20T07:27:29.989793Z", "level": "INFO", "logger": "backend.app.main", "message": "request_completed", "event": "request_completed", "request_id": "bd9b0deb596d406c90cdb10ae929a405", "method": "GET", "path": "/api/payments/3aa9726f-3ee6-4eed-a82e-942d3179b29f/receipt/file", "status_code": 200, "duration_ms": 5.21}
{"timestamp": "2026-08-20T07:28:30.842755Z", "level": "INFO", "logger": "backend.app.main", "message": "request_completed", "event": "request_completed", "request_id": "da16e9e6d571414ba4883e9286e42489", "method": "GET", "path": "/api/payments/3aa9726f-3ee6-4eed-a82e-942d3179b29f", "status_code": 200, "duration_ms": 6.71}
{"timestamp": "2026-08-20T07:28:32.996630Z", "level": "INFO", "logger": "backend.app.main", "message": "request_completed", "event": "request_completed", "request_id": "696eee6aeb764faa848e03b9f703d760", "method": "GET", "path": "/api/payments/3aa9726f-3ee6-4eed-a82e-942d3179b29f", "status_code": 200, "duration_ms": 5.38}
{"timestamp": "2026-08-20T07:29:58.465749Z", "level": "INFO", "logger": "backend.app.main", "message": "request_completed", "event": "request_completed", "request_id": "a7e9bf22dad24921bd16455001a6440d", "method": "GET", "path": "/api/payments/3aa9726f-3ee6-4eed-a82e-942d3179b29f", "status_code": 200, "duration_ms": 19.85}
{"timestamp": "2026-08-20T07:29:58.468110Z", "level": "INFO", "logger": "backend.app.main", "message": "request_completed", "event": "request_completed", "request_id": "892fa2bd13404984aa63d69ca5976fa5", "method": "GET", "path": "/api/payments/aaa1cacc-6120-4cf1-a952-121620b33a5d", "status_code": 200, "duration_ms": 20.62}
{"timestamp": "2026-08-20T07:44:25.988219Z", "level": "INFO", "logger": "backend.app.main", "message": "request_completed", "event": "request_completed", "request_id": "0b05307b98ad450c8045becdcd5fce1c", "method": "GET", "path": "/api/dashboard/summary", "status_code": 200, "duration_ms": 5.23}
{"timestamp": "2026-08-20T07:44:34.020785Z", "level": "INFO", "logger": "backend.app.main", "message": "request_completed", "event": "request_completed", "request_id": "4ccceed67a604110966a44f2df9f1514", "method": "GET", "path": "/api/dashboard/summary", "status_code": 200, "duration_ms": 5.02}
{"timestamp": "2026-08-20T07:51:35.210479Z", "level": "INFO", "logger": "backend.app.main", "message": "request_completed", "event": "request_completed", "request_id": "ac0bf024837f4299b83504131b91b8f7", "method": "GET", "path": "/api/payments/aaa1cacc-6120-4cf1-a952-121620b33a5d", "status_code": 200, "duration_ms": 13.72}
{"timestamp": "2026-08-20T07:51:35.860060Z", "level": "INFO", "logger": "backend.app.main", "message": "request_completed", "event": "request_completed", "request_id": "76029b60b0604c6c8033f4192622ea28", "method": "GET", "path": "/api/dashboard/summary", "status_code": 200, "duration_ms": 7.07}
{"timestamp": "2026-08-20T07:51:36.058061Z", "level": "INFO", "logger": "backend.app.main", "message": "request_completed", "event": "request_completed", "request_id": "a4d1304e630746c59661dc9d7b4f7d35", "method": "GET", "path": "/api/payments/3aa9726f-3ee6-4eed-a82e-942d3179b29f", "status_code": 200, "duration_ms": 10.14}
{"timestamp": "2026-08-20T09:13:18.319333Z", "level": "INFO", "logger": "backend.app.api.routes", "message": "payment_created", "event": "payment_created", "payment_id": "4594959f-9678-489c-bf09-2e48b87a4741"}
{"timestamp": "2026-08-20T09:13:18.326533Z", "level": "INFO", "logger": "backend.app.main", "message": "request_completed", "event": "request_completed", "request_id": "ff5e4fd200844578835fe2853825a5b7", "method": "POST", "path": "/api/payments", "status_code": 201, "duration_ms": 201.27}
{"timestamp": "2026-08-20T09:13:18.390185Z", "level": "INFO", "logger": "backend.app.main", "message": "request_completed", "event": "request_completed", "request_id": "6bdfc47158b04ecb895f8917355071cf", "method": "GET", "path": "/api/dashboard/summary", "status_code": 200, "duration_ms": 28.9}
{"timestamp": "2026-08-20T09:13:18.513661Z", "level": "INFO", "logger": "backend.app.main", "message": "request_completed", "event": "request_completed", "request_id": "cb06fd615f8c44fc94b3ce64b5f1eb72", "method": "GET", "path": "/api/payments/4594959f-9678-489c-bf09-2e48b87a4741", "status_code": 200, "duration_ms": 74.33}
{"timestamp": "2026-08-20T09:13:20.927359Z", "level": "INFO", "logger": "backend.app.main", "message": "request_completed", "event": "request_completed", "request_id": "8a9f0f70fe6f4c33a3c81fa2a10be319", "method": "GET", "path": "/api/payments/4594959f-9678-489c-bf09-2e48b87a4741", "status_code": 200, "duration_ms": 19.75}
{"timestamp": "2026-08-20T09:14:20.556540Z", "level": "INFO", "logger": "backend.app.main", "message": "request_completed", "event": "request_completed", "request_id": "cf2181f7c75c42bba0a90f5b92f96016", "method": "GET", "path": "/api/public/payments/[token]", "status_code": 200, "duration_ms": 75.01}
{"timestamp": "2026-08-20T09:14:24.764297Z", "level": "INFO", "logger": "backend.app.main", "message": "request_completed", "event": "request_completed", "request_id": "8a176e6312ed475ba49dc54a7d190fc2", "method": "GET", "path": "/api/public/payments/[token]", "status_code": 200, "duration_ms": 21.51}
{"timestamp": "2026-08-20T09:15:49.612484Z", "level": "INFO", "logger": "backend.app.main", "message": "request_completed", "event": "request_completed", "request_id": "c3099569dd4b44ba86ff965dfded6df9", "method": "GET", "path": "/api/dashboard/summary", "status_code": 200, "duration_ms": 17.27}
{"timestamp": "2026-08-20T09:15:51.765390Z", "level": "INFO", "logger": "backend.app.main", "message": "request_completed", "event": "request_completed", "request_id": "a3bdf168495140afa4f9ce7872792862", "method": "GET", "path": "/api/dashboard/summary", "status_code": 200, "duration_ms": 9.93}
{"timestamp": "2026-08-20T09:20:11.456907Z", "level": "INFO", "logger": "backend.app.main", "message": "request_completed", "event": "request_completed", "request_id": "ff4365dc4f6e47b19cfe78c713e649b4", "method": "GET", "path": "/api/dashboard/summary", "status_code": 200, "duration_ms": 13.25}
{"timestamp": "2026-08-20T12:42:14.420912Z", "level": "INFO", "logger": "backend.app.main", "message": "request_completed", "event": "request_completed", "request_id": "4d86151f2fae4f9faf4bb167b73681bb", "method": "GET", "path": "/", "status_code": 404, "duration_ms": 5.93}
{"timestamp": "2026-08-20T13:54:36.927838Z", "level": "INFO", "logger": "backend.app.main", "message": "request_completed", "event": "request_completed", "request_id": "f0dec2a43f6a46beba88a6d0245d07b7", "method": "GET", "path": "/api/dashboard/summary", "status_code": 200, "duration_ms": 80.27}
{"timestamp": "2026-08-20T13:54:38.189434Z", "level": "INFO", "logger": "backend.app.main", "message": "request_completed", "event": "request_completed", "request_id": "a7ff95d6263f41e3bb426a651bb0dd74", "method": "GET", "path": "/api/dashboard/summary", "status_code": 200, "duration_ms": 20.67}
{"timestamp": "2026-08-20T13:54:51.580131Z", "level": "INFO", "logger": "backend.app.main", "message": "request_completed", "event": "request_completed", "request_id": "39c28f068ace46798f24b745121af7eb", "method": "GET", "path": "/api/payments/4594959f-9678-489c-bf09-2e48b87a4741", "status_code": 200, "duration_ms": 43.09}
{"timestamp": "2026-08-20T13:54:53.504022Z", "level": "INFO", "logger": "backend.app.main", "message": "request_completed", "event": "request_completed", "request_id": "ffb556fe12bb4506be1b075d56b74619", "method": "GET", "path": "/api/payments/4594959f-9678-489c-bf09-2e48b87a4741", "status_code": 200, "duration_ms": 16.36}
{"timestamp": "2026-08-20T13:55:00.452895Z", "level": "INFO", "logger": "backend.app.main", "message": "request_completed", "event": "request_completed", "request_id": "bd64f364f9084b718a05cfba8b98217b", "method": "GET", "path": "/api/dashboard/summary", "status_code": 200, "duration_ms": 17.74}
{"timestamp": "2026-08-20T13:55:02.635913Z", "level": "INFO", "logger": "backend.app.main", "message": "request_completed", "event": "request_completed", "request_id": "663274905ee543beaee3d5bc7daf00e8", "method": "GET", "path": "/api/dashboard/summary", "status_code": 200, "duration_ms": 18.83}
{"timestamp": "2026-08-20T14:22:16.732115Z", "level": "INFO", "logger": "backend.app.api.routes", "message": "payment_created", "event": "payment_created", "payment_id": "a9bb75c6-207c-4e77-8d44-b0927b713b38"}
{"timestamp": "2026-08-20T14:22:16.734482Z", "level": "INFO", "logger": "backend.app.main", "message": "request_completed", "event": "request_completed", "request_id": "d76864040c1246ee8666f4d76b8f9a08", "method": "POST", "path": "/api/payments", "status_code": 201, "duration_ms": 33.29}
{"timestamp": "2026-08-20T14:22:16.748856Z", "level": "INFO", "logger": "backend.app.main", "message": "request_completed", "event": "request_completed", "request_id": "ecb800a6993d446590c3268b90f5df32", "method": "GET", "path": "/api/dashboard/summary", "status_code": 200, "duration_ms": 6.36}
{"timestamp": "2026-08-20T14:22:16.780122Z", "level": "INFO", "logger": "backend.app.main", "message": "request_completed", "event": "request_completed", "request_id": "34f0c14048954685815e2ebad8a83da6", "method": "GET", "path": "/api/payments/a9bb75c6-207c-4e77-8d44-b0927b713b38", "status_code": 200, "duration_ms": 11.74}
{"timestamp": "2026-08-20T14:22:19.190860Z", "level": "INFO", "logger": "backend.app.main", "message": "request_completed", "event": "request_completed", "request_id": "0dc2eac4f6ec4a4ea0205d93a5f5a896", "method": "GET", "path": "/api/payments/a9bb75c6-207c-4e77-8d44-b0927b713b38", "status_code": 200, "duration_ms": 4.54}
{"timestamp": "2026-08-20T14:22:25.869017Z", "level": "INFO", "logger": "backend.app.main", "message": "request_completed", "event": "request_completed", "request_id": "938c625d2fef4afdb67d950cf076d034", "method": "GET", "path": "/api/public/payments/[token]", "status_code": 200, "duration_ms": 23.2}
{"timestamp": "2026-08-20T14:22:27.957336Z", "level": "INFO", "logger": "backend.app.main", "message": "request_completed", "event": "request_completed", "request_id": "b294273406e34c6ebcea74021067d4ff", "method": "GET", "path": "/api/public/payments/[token]", "status_code": 200, "duration_ms": 9.17}
{"timestamp": "2026-08-20T14:22:41.914984Z", "level": "INFO", "logger": "backend.app.services.uploads", "message": "receipt_received", "event": "receipt_received", "payment_id": "a9bb75c6-207c-4e77-8d44-b0927b713b38", "size": 184831}
{"timestamp": "2026-08-20T14:22:49.884335Z", "level": "INFO", "logger": "backend.app.services.uploads", "message": "receipt_extraction_completed", "event": "receipt_extraction_completed", "payment_id": "a9bb75c6-207c-4e77-8d44-b0927b713b38", "receipt_id": "1f5a0f8e-ab62-41d6-8b3b-168daec1ffe9", "confidence": 0.6836}
{"timestamp": "2026-08-20T14:22:49.886052Z", "level": "INFO", "logger": "backend.app.main", "message": "request_completed", "event": "request_completed", "request_id": "a101450dc00e4a1e845f2b28e22fb823", "method": "POST", "path": "/api/public/payments/[token]/receipt", "status_code": 201, "duration_ms": 8012.79}
{"timestamp": "2026-08-20T14:22:49.927787Z", "level": "INFO", "logger": "backend.app.main", "message": "request_completed", "event": "request_completed", "request_id": "d5dce3a39e5a4978b2a7636faae68c03", "method": "GET", "path": "/api/public/payments/[token]", "status_code": 200, "duration_ms": 28.29}
{"timestamp": "2026-08-20T14:22:49.952364Z", "level": "INFO", "logger": "backend.app.services.matching", "message": "verification_started", "event": "verification_started", "payment_id": "a9bb75c6-207c-4e77-8d44-b0927b713b38"}
{"timestamp": "2026-08-20T14:22:49.960275Z", "level": "INFO", "logger": "backend.app.services.matching", "message": "sandbox_match_result", "event": "sandbox_match_result", "payment_id": "a9bb75c6-207c-4e77-8d44-b0927b713b38", "result": "NOT_RECEIVED", "reason_code": "TRANSACTION_NOT_FOUND"}
{"timestamp": "2026-08-20T14:22:49.983906Z", "level": "INFO", "logger": "backend.app.services.matching", "message": "verification_completed", "event": "verification_completed", "payment_id": "a9bb75c6-207c-4e77-8d44-b0927b713b38", "verification_id": "66b0f6b4-f828-4f60-a1b6-cd12c36e5e20", "status": "NOT_RECEIVED"}
{"timestamp": "2026-08-20T14:22:49.987105Z", "level": "INFO", "logger": "backend.app.main", "message": "request_completed", "event": "request_completed", "request_id": "d1016d7d36f4424a89c8cf216b4cc267", "method": "POST", "path": "/api/public/payments/[token]/verify", "status_code": 200, "duration_ms": 42.88}
{"timestamp": "2026-08-20T14:22:50.020546Z", "level": "INFO", "logger": "backend.app.main", "message": "request_completed", "event": "request_completed", "request_id": "60dd13349341401eba55f26e0b0e3f4b", "method": "GET", "path": "/api/public/payments/[token]", "status_code": 200, "duration_ms": 16.61}
{"timestamp": "2026-08-20T14:22:50.051825Z", "level": "INFO", "logger": "backend.app.main", "message": "request_completed", "event": "request_completed", "request_id": "0b49d2c77e854836bc880613fcc8ba0c", "method": "GET", "path": "/api/public/payments/[token]", "status_code": 200, "duration_ms": 16.55}
{"timestamp": "2026-08-20T14:22:55.978280Z", "level": "INFO", "logger": "backend.app.main", "message": "request_completed", "event": "request_completed", "request_id": "15509e62d57f48fab423504f19e00fc1", "method": "GET", "path": "/api/public/payments/[token]", "status_code": 200, "duration_ms": 9.43}
{"timestamp": "2026-08-20T14:53:49.403750Z", "level": "INFO", "logger": "backend.app.main", "message": "request_completed", "event": "request_completed", "request_id": "b33b73bfb0b145399209f78995d8e170", "method": "GET", "path": "/api/dashboard/summary", "status_code": 200, "duration_ms": 4.7}
{"timestamp": "2026-08-20T14:53:51.378325Z", "level": "INFO", "logger": "backend.app.main", "message": "request_completed", "event": "request_completed", "request_id": "31a97527e83b4ca88dd54a1f6551c03d", "method": "GET", "path": "/api/dashboard/summary", "status_code": 200, "duration_ms": 4.11}
